Test database initialized successfully
============================= test session starts ==============================
platform linux -- Python 3.12.3, pytest-9.0.2, pluggy-1.6.0 -- /home/alex/Projects/ModPorter-AI/backend/.venv/bin/python
cachedir: .pytest_cache
rootdir: /home/alex/Projects/ModPorter-AI/backend
configfile: pytest.ini (WARNING: ignoring pytest config in pyproject.toml!)
plugins: anyio-4.12.1, timeout-2.4.0, asyncio-1.3.0, cov-7.0.0, mock-3.15.1
timeout: 300.0s
timeout method: signal
timeout func_only: False
asyncio: mode=Mode.AUTO, debug=False, asyncio_default_fixture_loop_scope=function, asyncio_default_test_loop_scope=function
collecting ... collected 534 items

src/tests/unit/test_addon_assets_crud.py::TestGetAddonAsset::test_get_addon_asset_success PASSED [  0%]
src/tests/unit/test_addon_assets_crud.py::TestGetAddonAsset::test_get_addon_asset_invalid_id PASSED [  0%]
src/tests/unit/test_addon_assets_crud.py::TestGetAddonAsset::test_get_addon_asset_not_found PASSED [  0%]
src/tests/unit/test_addon_assets_crud.py::TestCreateAddonAsset::test_create_addon_asset_success PASSED [  0%]
src/tests/unit/test_addon_assets_crud.py::TestCreateAddonAsset::test_create_addon_asset_path_traversal_prevention PASSED [  0%]
src/tests/unit/test_addon_assets_crud.py::TestCreateAddonAsset::test_create_addon_asset_no_commit PASSED [  1%]
src/tests/unit/test_addon_assets_crud.py::TestCreateAddonAsset::test_create_addon_asset_invalid_addon_id PASSED [  1%]
src/tests/unit/test_addon_assets_crud.py::TestUpdateAddonAsset::test_update_addon_asset_success PASSED [  1%]
src/tests/unit/test_addon_assets_crud.py::TestUpdateAddonAsset::test_update_addon_asset_path_traversal_prevention PASSED [  1%]
src/tests/unit/test_addon_assets_crud.py::TestUpdateAddonAsset::test_update_addon_asset_not_found PASSED [  1%]
src/tests/unit/test_addon_assets_crud.py::TestUpdateAddonAsset::test_update_addon_asset_invalid_id PASSED [  2%]
src/tests/unit/test_addon_assets_crud.py::TestUpdateAddonAsset::test_update_addon_asset_no_commit PASSED [  2%]
src/tests/unit/test_addon_assets_crud.py::TestDeleteAddonAsset::test_delete_addon_asset_success PASSED [  2%]
src/tests/unit/test_addon_assets_crud.py::TestDeleteAddonAsset::test_delete_addon_asset_not_found PASSED [  2%]
src/tests/unit/test_addon_assets_crud.py::TestDeleteAddonAsset::test_delete_addon_asset_invalid_id PASSED [  2%]
src/tests/unit/test_addon_assets_crud.py::TestListAddonAssets::test_list_addon_assets_success PASSED [  2%]
src/tests/unit/test_addon_assets_crud.py::TestListAddonAssets::test_list_addon_assets_invalid_id PASSED [  3%]
src/tests/unit/test_addon_assets_crud.py::TestListAddonAssets::test_list_addon_assets_with_filters PASSED [  3%]
src/tests/unit/test_addon_assets_crud.py::TestAddonAssetCRUDIntegration::test_create_and_retrieve_addon_asset PASSED [  3%]
src/tests/unit/test_addon_assets_crud.py::TestAddonAssetCRUDIntegration::test_addon_asset_update_workflow PASSED [  3%]
src/tests/unit/test_addon_exporter_security.py::test_create_mcaddon_zip_prevents_zip_slip PASSED [  3%]
src/tests/unit/test_advanced_events.py::test_get_event_types PASSED      [  4%]
src/tests/unit/test_advanced_events.py::test_get_trigger_types PASSED    [  4%]
src/tests/unit/test_advanced_events.py::test_get_action_types PASSED     [  4%]
src/tests/unit/test_advanced_events.py::test_get_event_templates PASSED  [  4%]
src/tests/unit/test_advanced_events.py::test_create_event_system_invalid_uuid PASSED [  4%]
src/tests/unit/test_advanced_events.py::test_create_event_system_not_found PASSED [  5%]
src/tests/unit/test_advanced_events.py::test_create_event_system_success PASSED [  5%]
src/tests/unit/test_advanced_events.py::test_get_event_system_501 PASSED [  5%]
src/tests/unit/test_advanced_events.py::test_test_event_system PASSED    [  5%]
src/tests/unit/test_advanced_events.py::test_generate_functions PASSED   [  5%]
src/tests/unit/test_advanced_events.py::test_get_debug_info PASSED       [  5%]
src/tests/unit/test_api_assets.py::test_list_conversion_assets PASSED    [  6%]
src/tests/unit/test_api_assets.py::test_get_asset_success PASSED         [  6%]
src/tests/unit/test_api_assets.py::test_get_asset_not_found PASSED       [  6%]
src/tests/unit/test_api_assets.py::test_update_asset_status PASSED       [  6%]
src/tests/unit/test_api_assets.py::test_update_asset_metadata PASSED     [  6%]
src/tests/unit/test_api_assets.py::test_delete_asset PASSED              [  7%]
src/tests/unit/test_api_assets.py::test_trigger_asset_conversion PASSED  [  7%]
src/tests/unit/test_api_assets.py::test_convert_all_conversion_assets PASSED [  7%]
src/tests/unit/test_api_jobs.py::TestJobsAPI::test_create_job PASSED     [  7%]
src/tests/unit/test_api_jobs.py::TestJobsAPI::test_list_jobs PASSED      [  7%]
src/tests/unit/test_api_jobs.py::TestJobsAPI::test_get_job_success PASSED [  8%]
src/tests/unit/test_api_jobs.py::TestJobsAPI::test_get_job_not_found PASSED [  8%]
src/tests/unit/test_api_jobs.py::TestJobsAPI::test_cancel_job_success PASSED [  8%]
src/tests/unit/test_api_jobs.py::TestJobsAPI::test_cancel_job_forbidden PASSED [  8%]
src/tests/unit/test_api_qa.py::test_start_qa_task_success PASSED         [  8%]
src/tests/unit/test_api_qa.py::test_start_qa_task_invalid_id PASSED      [  8%]
src/tests/unit/test_api_qa.py::test_get_qa_status_not_found PASSED       [  9%]
src/tests/unit/test_api_qa.py::test_get_qa_status_progression PASSED     [  9%]
src/tests/unit/test_api_qa.py::test_get_qa_report_not_ready PASSED       [  9%]
src/tests/unit/test_api_qa.py::test_get_qa_report_success PASSED         [  9%]
src/tests/unit/test_api_qa.py::test_get_qa_report_html PASSED            [  9%]
src/tests/unit/test_api_qa.py::test_get_qa_report_unsupported PASSED     [ 10%]
src/tests/unit/test_api_qa.py::test_list_qa_tasks PASSED                 [ 10%]
src/tests/unit/test_api_qa.py::test_list_qa_tasks_filter PASSED          [ 10%]
src/tests/unit/test_asset_conversion_service.py::TestAssetConversionService::test_convert_asset_success PASSED [ 10%]
src/tests/unit/test_asset_conversion_service.py::TestAssetConversionService::test_convert_asset_not_found PASSED [ 10%]
src/tests/unit/test_asset_conversion_service.py::TestAssetConversionService::test_convert_assets_for_conversion PASSED [ 11%]
src/tests/unit/test_asset_conversion_service.py::TestAssetConversionService::test_call_ai_engine_convert_asset_success PASSED [ 11%]
src/tests/unit/test_asset_conversion_service.py::TestAssetConversionService::test_fallback_texture_conversion PASSED [ 11%]
src/tests/unit/test_asset_conversion_service.py::TestAssetConversionService::test_fallback_sound_conversion PASSED [ 11%]
src/tests/unit/test_behavior_files_crud.py::TestBehaviorFilesCRUD::test_create_behavior_file PASSED [ 11%]
src/tests/unit/test_behavior_files_crud.py::TestBehaviorFilesCRUD::test_get_behavior_file PASSED [ 11%]
src/tests/unit/test_behavior_files_crud.py::TestBehaviorFilesCRUD::test_get_behavior_files_by_conversion PASSED [ 12%]
src/tests/unit/test_behavior_files_crud.py::TestBehaviorFilesCRUD::test_update_behavior_file_content PASSED [ 12%]
src/tests/unit/test_behavior_files_crud.py::TestBehaviorFilesCRUD::test_get_behavior_files_by_type PASSED [ 12%]
src/tests/unit/test_behavior_files_crud.py::TestBehaviorFilesCRUD::test_delete_behavior_file PASSED [ 12%]
src/tests/unit/test_behavior_files_crud.py::TestBehaviorFilesCRUD::test_invalid_conversion_id PASSED [ 12%]
src/tests/unit/test_behavior_files_crud.py::TestBehaviorFilesCRUD::test_invalid_file_id_format PASSED [ 13%]
src/tests/unit/test_behavior_files_security.py::TestBehaviorFilesSecurity::test_create_behavior_file_path_traversal PASSED [ 13%]
src/tests/unit/test_behavior_files_security.py::TestBehaviorFilesSecurity::test_create_behavior_file_valid_paths PASSED [ 13%]
src/tests/unit/test_behavior_files_security.py::TestBehaviorFilesSecurity::test_export_zip_sanitization PASSED [ 13%]
src/tests/unit/test_cache_service.py::test_cache_mod_analysis_success PASSED [ 13%]
src/tests/unit/test_cache_service.py::test_get_mod_analysis_hit PASSED   [ 14%]
src/tests/unit/test_cache_service.py::test_get_mod_analysis_miss PASSED  [ 14%]
src/tests/unit/test_cache_service.py::test_cache_conversion_result_success PASSED [ 14%]
src/tests/unit/test_cache_service.py::test_get_conversion_result_hit PASSED [ 14%]
src/tests/unit/test_cache_service.py::test_get_conversion_result_miss PASSED [ 14%]
src/tests/unit/test_cache_service.py::test_cache_asset_conversion_success PASSED [ 14%]
src/tests/unit/test_cache_service.py::test_get_asset_conversion_hit PASSED [ 15%]
src/tests/unit/test_cache_service.py::test_get_asset_conversion_miss PASSED [ 15%]
src/tests/unit/test_cache_service.py::test_invalidate_cache_success PASSED [ 15%]
src/tests/unit/test_cache_service.py::test_get_cache_stats_basic PASSED  [ 15%]
src/tests/unit/test_cache_service.py::test_get_cache_stats_redis_error PASSED [ 15%]
src/tests/unit/test_cache_service.py::test_cache_mod_analysis_redis_error PASSED [ 16%]
src/tests/unit/test_cache_service.py::test_get_mod_analysis_redis_error PASSED [ 16%]
src/tests/unit/test_cache_service.py::test_set_progress_success PASSED   [ 16%]
src/tests/unit/test_cache_service.py::test_set_progress_redis_error PASSED [ 16%]
src/tests/unit/test_comprehensive_report_generator.py::TestReportMetadata::test_create_report_metadata PASSED [ 16%]
src/tests/unit/test_comprehensive_report_generator.py::TestReportMetadata::test_create_report_metadata_with_custom_id PASSED [ 17%]
src/tests/unit/test_comprehensive_report_generator.py::TestQualityScore::test_calculate_quality_score_perfect PASSED [ 17%]
src/tests/unit/test_comprehensive_report_generator.py::TestQualityScore::test_calculate_quality_score_mixed PASSED [ 17%]
src/tests/unit/test_comprehensive_report_generator.py::TestQualityScore::test_calculate_quality_score_no_features PASSED [ 17%]
src/tests/unit/test_comprehensive_report_generator.py::TestSummaryReportGeneration::test_generate_summary_report PASSED [ 17%]
src/tests/unit/test_comprehensive_report_generator.py::TestSummaryReportGeneration::test_generate_recommended_actions_excellent PASSED [ 17%]
src/tests/unit/test_comprehensive_report_generator.py::TestSummaryReportGeneration::test_generate_recommended_actions_needs_work PASSED [ 18%]
src/tests/unit/test_comprehensive_report_generator.py::TestFeatureAnalysisGeneration::test_generate_feature_analysis PASSED [ 18%]
src/tests/unit/test_comprehensive_report_generator.py::TestFeatureAnalysisGeneration::test_calculate_compatibility_score PASSED [ 18%]
src/tests/unit/test_comprehensive_report_generator.py::TestFeatureAnalysisGeneration::test_categorize_feature PASSED [ 18%]
src/tests/unit/test_comprehensive_report_generator.py::TestAssumptionsReportGeneration::test_generate_assumptions_report PASSED [ 18%]
src/tests/unit/test_comprehensive_report_generator.py::TestDeveloperLogGeneration::test_generate_developer_log PASSED [ 19%]
src/tests/unit/test_comprehensive_report_generator.py::TestDeveloperLogGeneration::test_identify_optimizations PASSED [ 19%]
src/tests/unit/test_comprehensive_report_generator.py::TestInteractiveReportGeneration::test_create_interactive_report PASSED [ 19%]
src/tests/unit/test_comprehensive_report_generator.py::TestInteractiveReportGeneration::test_report_to_dict PASSED [ 19%]
src/tests/unit/test_comprehensive_report_generator.py::TestInteractiveReportGeneration::test_report_to_json PASSED [ 19%]
src/tests/unit/test_comprehensive_report_generator.py::TestEdgeCases::test_empty_conversion_result PASSED [ 20%]
src/tests/unit/test_comprehensive_report_generator.py::TestEdgeCases::test_missing_fields PASSED [ 20%]
src/tests/unit/test_comprehensive_report_generator.py::TestEdgeCases::test_invalid_data_types PASSED [ 20%]
src/tests/unit/test_comprehensive_report_generator.py::TestReportGenerationIntegration::test_full_workflow_integration PASSED [ 20%]
src/tests/unit/test_conversion_assets_crud.py::TestCreateAsset::test_create_asset_success PASSED [ 20%]
src/tests/unit/test_conversion_assets_crud.py::TestCreateAsset::test_create_asset_invalid_conversion_id PASSED [ 20%]
src/tests/unit/test_conversion_assets_crud.py::TestCreateAsset::test_create_asset_no_commit PASSED [ 21%]
src/tests/unit/test_conversion_assets_crud.py::TestGetAsset::test_get_asset_success PASSED [ 21%]
src/tests/unit/test_conversion_assets_crud.py::TestGetAsset::test_get_asset_invalid_id PASSED [ 21%]
src/tests/unit/test_conversion_assets_crud.py::TestGetAsset::test_get_asset_not_found PASSED [ 21%]
src/tests/unit/test_conversion_assets_crud.py::TestListAssetsForConversion::test_list_assets_success PASSED [ 21%]
src/tests/unit/test_conversion_assets_crud.py::TestListAssetsForConversion::test_list_assets_invalid_conversion_id PASSED [ 22%]
src/tests/unit/test_conversion_assets_crud.py::TestListAssetsForConversion::test_list_assets_with_filters PASSED [ 22%]
src/tests/unit/test_conversion_assets_crud.py::TestUpdateAssetStatus::test_update_asset_status_success PASSED [ 22%]
src/tests/unit/test_conversion_assets_crud.py::TestUpdateAssetStatus::test_update_asset_status_invalid_id PASSED [ 22%]
src/tests/unit/test_conversion_assets_crud.py::TestUpdateAssetMetadata::test_update_metadata_success PASSED [ 22%]
src/tests/unit/test_conversion_assets_crud.py::TestUpdateAssetMetadata::test_update_metadata_invalid_id PASSED [ 23%]
src/tests/unit/test_conversion_assets_crud.py::TestDeleteAsset::test_delete_asset_success PASSED [ 23%]
src/tests/unit/test_conversion_assets_crud.py::TestDeleteAsset::test_delete_asset_not_found PASSED [ 23%]
src/tests/unit/test_conversion_assets_crud.py::TestDeleteAsset::test_delete_asset_invalid_id PASSED [ 23%]
src/tests/unit/test_conversion_assets_crud.py::TestAssetCRUDIntegration::test_create_and_retrieve_asset PASSED [ 23%]
src/tests/unit/test_conversion_assets_crud.py::TestAssetCRUDIntegration::test_asset_status_workflow PASSED [ 23%]
src/tests/unit/test_conversion_service_coverage.py::TestConversionServiceCoverage::test_transfer_file_to_ai_engine PASSED [ 24%]
src/tests/unit/test_conversion_service_coverage.py::TestConversionServiceCoverage::test_process_conversion_success PASSED [ 24%]
src/tests/unit/test_conversion_service_coverage.py::TestConversionServiceCoverage::test_process_conversion_failure_on_start PASSED [ 24%]
src/tests/unit/test_conversion_service_coverage.py::TestConversionServiceCoverage::test_poll_and_broadcast_error PASSED [ 24%]
src/tests/unit/test_conversion_service_coverage.py::TestConversionServiceCoverage::test_handle_error PASSED [ 24%]
src/tests/unit/test_conversion_service_coverage.py::TestConversionServiceCoverage::test_get_conversion_service PASSED [ 25%]
src/tests/unit/test_conversion_service_coverage.py::TestConversionServiceCoverage::test_process_conversion_task PASSED [ 25%]
src/tests/unit/test_conversion_service_coverage.py::TestConversionServiceCoverage::test_process_conversion_cancelled PASSED [ 25%]
src/tests/unit/test_crud_embeddings.py::test_create_document_embedding SKIPPED [ 25%]
src/tests/unit/test_crud_embeddings.py::test_get_document_embedding_by_hash SKIPPED [ 25%]
src/tests/unit/test_crud_embeddings.py::test_get_document_embedding_by_id_not_found SKIPPED [ 26%]
src/tests/unit/test_crud_embeddings.py::test_update_document_embedding SKIPPED [ 26%]
src/tests/unit/test_crud_embeddings.py::test_update_document_embedding_not_found SKIPPED [ 26%]
src/tests/unit/test_crud_embeddings.py::test_update_document_embedding_no_changes SKIPPED [ 26%]
src/tests/unit/test_crud_embeddings.py::test_delete_document_embedding SKIPPED [ 26%]
src/tests/unit/test_crud_embeddings.py::test_delete_document_embedding_not_found SKIPPED [ 26%]
src/tests/unit/test_crud_embeddings.py::test_find_similar_embeddings_sqlite_placeholder SKIPPED [ 27%]
src/tests/unit/test_crud_embeddings.py::test_find_similar_embeddings_basic SKIPPED [ 27%]
src/tests/unit/test_crud_embeddings.py::test_find_similar_embeddings_limit SKIPPED [ 27%]
src/tests/unit/test_crud_embeddings.py::test_find_similar_embeddings_empty_db SKIPPED [ 27%]
src/tests/unit/test_crud_embeddings.py::test_find_similar_embeddings_high_dimension SKIPPED [ 27%]
src/tests/unit/test_crud_embeddings.py::test_find_similar_embeddings_returns_metadata SKIPPED [ 28%]
src/tests/unit/test_crud_feedback.py::test_create_feedback PASSED        [ 28%]
src/tests/unit/test_crud_feedback.py::test_get_feedback_by_job_id PASSED [ 28%]
src/tests/unit/test_crud_feedback.py::test_list_all_feedback PASSED      [ 28%]
src/tests/unit/test_curseforge_service.py::TestCurseForgeService::test_init_default PASSED [ 28%]
src/tests/unit/test_curseforge_service.py::TestCurseForgeService::test_init_with_api_key PASSED [ 29%]
src/tests/unit/test_curseforge_service.py::TestCurseForgeService::test_headers_without_api_key PASSED [ 29%]
src/tests/unit/test_curseforge_service.py::TestCurseForgeService::test_search_mods_success PASSED [ 29%]
src/tests/unit/test_curseforge_service.py::TestCurseForgeService::test_search_mods_with_filters PASSED [ 29%]
src/tests/unit/test_curseforge_service.py::TestCurseForgeService::test_get_mod_info_success PASSED [ 29%]
src/tests/unit/test_curseforge_service.py::TestCurseForgeService::test_get_mod_files_success PASSED [ 29%]
src/tests/unit/test_curseforge_service.py::TestCurseForgeService::test_get_file_download_url_success PASSED [ 30%]
src/tests/unit/test_curseforge_service.py::TestCurseForgeService::test_get_categories_success PASSED [ 30%]
src/tests/unit/test_curseforge_service.py::TestCurseForgeService::test_api_error_handling PASSED [ 30%]
src/tests/unit/test_curseforge_service.py::TestCurseForgeURLParsing::test_parse_standard_url PASSED [ 30%]
src/tests/unit/test_curseforge_service.py::TestCurseForgeURLParsing::test_parse_url_without_www PASSED [ 30%]
src/tests/unit/test_curseforge_service.py::TestCurseForgeURLParsing::test_parse_url_with_query_params PASSED [ 31%]
src/tests/unit/test_curseforge_service.py::TestCurseForgeURLParsing::test_parse_invalid_url PASSED [ 31%]
src/tests/unit/test_curseforge_service.py::TestCurseForgeURLParsing::test_parse_non_curseforge_url PASSED [ 31%]
src/tests/unit/test_curseforge_service.py::TestCurseForgeURLParsing::test_parse_url_with_trailing_slash PASSED [ 31%]
src/tests/unit/test_curseforge_service.py::TestCurseForgeServiceSingleton::test_singleton_exists PASSED [ 31%]
src/tests/unit/test_curseforge_service.py::TestCurseForgeServiceSingleton::test_singleton_is_consistent PASSED [ 32%]
src/tests/unit/test_curseforge_service.py::TestCurseForgeServiceEdgeCases::test_search_empty_query PASSED [ 32%]
src/tests/unit/test_curseforge_service.py::TestCurseForgeServiceEdgeCases::test_get_mod_info_nonexistent PASSED [ 32%]
src/tests/unit/test_curseforge_service.py::TestCurseForgeServiceEdgeCases::test_parse_url_empty_string PASSED [ 32%]
src/tests/unit/test_curseforge_service.py::TestCurseForgeServiceEdgeCases::test_parse_url_none PASSED [ 32%]
src/tests/unit/test_db_models.py::test_model_tablenames PASSED           [ 32%]
src/tests/unit/test_dependency_detector.py::TestParseRequirementsFile::test_parse_simple_requirements PASSED [ 33%]
src/tests/unit/test_dependency_detector.py::TestParseRequirementsFile::test_parse_empty_requirements PASSED [ 33%]
src/tests/unit/test_dependency_detector.py::TestParseRequirementsFile::test_parse_nonexistent_file PASSED [ 33%]
src/tests/unit/test_dependency_detector.py::TestParsePyprojectDependencies::test_parse_simple_pyproject PASSED [ 33%]
src/tests/unit/test_dependency_detector.py::TestFindPythonFiles::test_find_python_files_basic PASSED [ 33%]
src/tests/unit/test_dependency_detector.py::TestFindPythonFiles::test_exclude_dirs PASSED [ 34%]
src/tests/unit/test_dependency_detector.py::TestScanPythonFile::test_scan_file_with_unused_import PASSED [ 34%]
src/tests/unit/test_dependency_detector.py::TestScanPythonFile::test_scan_file_with_used_import PASSED [ 34%]
src/tests/unit/test_dependency_detector.py::TestGetAllImportedModules::test_get_imported_modules PASSED [ 34%]
src/tests/unit/test_dependency_detector.py::TestFindUnusedPackages::test_find_truly_unused_packages PASSED [ 34%]
src/tests/unit/test_dependency_detector.py::TestAnalyzeDependencies::test_analyze_dependencies_basic PASSED [ 35%]
src/tests/unit/test_dependency_detector.py::TestDependencyReport::test_empty_report PASSED [ 35%]
src/tests/unit/test_dependency_detector.py::TestDependencyReport::test_report_with_data PASSED [ 35%]
src/tests/unit/test_email_service.py::test_send_email_no_client PASSED   [ 35%]
src/tests/unit/test_email_service.py::test_send_email_success PASSED     [ 35%]
src/tests/unit/test_email_service.py::test_render_template_welcome PASSED [ 35%]
src/tests/unit/test_email_service.py::test_render_template_verification PASSED [ 36%]
src/tests/unit/test_email_service.py::test_render_template_unknown PASSED [ 36%]
src/tests/unit/test_email_service.py::test_get_email_service PASSED      [ 36%]
src/tests/unit/test_error_handling.py::TestErrorCategories::test_error_categories_defined PASSED [ 36%]
src/tests/unit/test_error_handling.py::TestErrorCategories::test_custom_exceptions PASSED [ 36%]
src/tests/unit/test_error_handling.py::TestErrorCategorization::test_categorize_parse_error PASSED [ 37%]
src/tests/unit/test_error_handling.py::TestErrorCategorization::test_categorize_asset_error PASSED [ 37%]
src/tests/unit/test_error_handling.py::TestErrorCategorization::test_categorize_logic_error PASSED [ 37%]
src/tests/unit/test_error_handling.py::TestErrorCategorization::test_categorize_package_error PASSED [ 37%]
src/tests/unit/test_error_handling.py::TestRetryLogic::test_retry_config_defaults PASSED [ 37%]
src/tests/unit/test_error_handling.py::TestRetryLogic::test_retry_config_custom PASSED [ 38%]
src/tests/unit/test_error_handling.py::TestRetryLogic::test_calculate_delay PASSED [ 38%]
src/tests/unit/test_error_handling.py::TestRetryLogic::test_is_retryable PASSED [ 38%]
src/tests/unit/test_error_handling.py::TestRetryLogic::test_categorize_error_function PASSED [ 38%]
src/tests/unit/test_error_handling.py::TestConversionFailureAnalysis::test_failure_severity_determination PASSED [ 38%]
src/tests/unit/test_error_handling.py::TestConversionFailureAnalysis::test_failure_source_determination PASSED [ 38%]
src/tests/unit/test_error_handling.py::TestConversionFailureAnalysis::test_recovery_suggestions PASSED [ 39%]
src/tests/unit/test_error_handling.py::TestErrorMetrics::test_metrics_import PASSED [ 39%]
src/tests/unit/test_error_handling.py::TestErrorMetrics::test_record_error_function PASSED [ 39%]
src/tests/unit/test_error_handling.py::TestErrorMetrics::test_record_retry_functions PASSED [ 39%]
src/tests/unit/test_error_handling.py::TestStructuredLogging::test_correlation_id_context PASSED [ 39%]
src/tests/unit/test_error_handling.py::TestStructuredLogging::test_log_context_manager PASSED [ 40%]
src/tests/unit/test_file_handler.py::test_validate_jar_file_not_found PASSED [ 40%]
src/tests/unit/test_file_handler.py::test_validate_jar_empty_file PASSED [ 40%]
src/tests/unit/test_file_handler.py::test_validate_jar_invalid_zip PASSED [ 40%]
src/tests/unit/test_file_handler.py::test_validate_jar_valid PASSED      [ 40%]
src/tests/unit/test_file_handler.py::test_identify_mod_loader_fabric PASSED [ 41%]
src/tests/unit/test_file_handler.py::test_identify_mod_loader_forge PASSED [ 41%]
src/tests/unit/test_file_handler.py::test_identify_mod_loader_neoforge PASSED [ 41%]
src/tests/unit/test_file_handler.py::test_extract_metadata_fabric PASSED [ 41%]
src/tests/unit/test_file_handler.py::test_process_file_success PASSED    [ 41%]
src/tests/unit/test_file_processor.py::TestFileProcessor::test_download_from_url_success_content_disposition PASSED [ 41%]
src/tests/unit/test_file_processor.py::TestFileProcessor::test_download_from_url_success_url_path_filename PASSED [ 42%]
src/tests/unit/test_file_processor.py::TestFileProcessor::test_download_from_url_success_content_type_extension PASSED [ 42%]
src/tests/unit/test_file_processor.py::TestFileProcessor::test_download_from_url_http_errors[404-HTTP error 404] PASSED [ 42%]
src/tests/unit/test_file_processor.py::TestFileProcessor::test_download_from_url_http_errors[500-HTTP error 500] PASSED [ 42%]
src/tests/unit/test_file_processor.py::TestFileProcessor::test_download_from_url_http_errors[403-HTTP error 403] PASSED [ 42%]
src/tests/unit/test_file_processor.py::TestFileProcessor::test_download_from_url_network_io_exceptions[TimeoutException-Timeout while downloading] PASSED [ 43%]
src/tests/unit/test_file_processor.py::TestFileProcessor::test_download_from_url_network_io_exceptions[RequestError-Request error while downloading] PASSED [ 43%]
src/tests/unit/test_file_processor.py::TestFileProcessor::test_download_from_url_network_io_exceptions[OSError-IO error saving downloaded file] PASSED [ 43%]
src/tests/unit/test_file_processor.py::TestFileProcessor::test_download_from_url_empty_file PASSED [ 43%]
src/tests/unit/test_file_processor.py::TestFileProcessor::test_is_safe_url_public_ip PASSED [ 43%]
src/tests/unit/test_file_processor.py::TestFileProcessor::test_is_safe_url_private_ip PASSED [ 44%]
src/tests/unit/test_file_processor.py::TestFileProcessor::test_is_safe_url_loopback_ip PASSED [ 44%]
src/tests/unit/test_file_processor.py::TestFileProcessor::test_is_safe_url_bad_scheme PASSED [ 44%]
src/tests/unit/test_file_processor.py::TestFileProcessor::test_validate_downloaded_file_valid PASSED [ 44%]
src/tests/unit/test_file_processor.py::TestFileProcessor::test_validate_downloaded_file_valid_jar_extension PASSED [ 44%]
src/tests/unit/test_file_processor.py::TestFileProcessor::test_validate_downloaded_file_oversized PASSED [ 44%]
src/tests/unit/test_file_processor.py::TestFileProcessor::test_validate_downloaded_file_empty PASSED [ 45%]
src/tests/unit/test_file_processor.py::TestFileProcessor::test_validate_downloaded_file_invalid_magic_number PASSED [ 45%]
src/tests/unit/test_file_processor.py::TestFileProcessor::test_validate_downloaded_file_not_found PASSED [ 45%]
src/tests/unit/test_file_processor.py::TestFileProcessor::test_cleanup_temp_files_success PASSED [ 45%]
src/tests/unit/test_file_processor.py::TestFileProcessor::test_cleanup_temp_files_dir_not_exist PASSED [ 45%]
src/tests/unit/test_file_processor.py::TestFileProcessor::test_cleanup_temp_files_permission_error PASSED [ 46%]
src/tests/unit/test_file_processor.py::TestFileProcessor::test_cleanup_temp_files_generic_error PASSED [ 46%]
src/tests/unit/test_file_processor.py::TestFileProcessor::test_scan_for_malware_safe_zip PASSED [ 46%]
src/tests/unit/test_file_processor.py::TestFileProcessor::test_scan_for_malware_path_traversal_dotdot PASSED [ 46%]
src/tests/unit/test_file_processor.py::TestFileProcessor::test_scan_for_malware_path_traversal_absolute PASSED [ 46%]
src/tests/unit/test_file_processor.py::TestFileProcessor::test_scan_for_malware_zip_bomb_compression_ratio PASSED [ 47%]
src/tests/unit/test_file_processor.py::TestFileProcessor::test_scan_for_malware_excessive_files PASSED [ 47%]
src/tests/unit/test_file_processor.py::TestFileProcessor::test_scan_for_malware_corrupted_archive PASSED [ 47%]
src/tests/unit/test_file_processor.py::TestFileProcessor::test_scan_for_malware_unsupported_file_type PASSED [ 47%]
src/tests/unit/test_file_processor.py::TestFileProcessor::test_scan_for_malware_jar_file PASSED [ 47%]
src/tests/unit/test_file_processor.py::TestFileProcessor::test_scan_for_malware_exception_handling PASSED [ 47%]
src/tests/unit/test_file_processor.py::TestFileProcessor::test_scan_for_malware_edge_case_zero_compression PASSED [ 48%]
src/tests/unit/test_file_processor.py::test_file_processor_instantiation PASSED [ 48%]
src/tests/unit/test_file_processor.py::test_temp_job_dirs_fixture PASSED [ 48%]
src/tests/unit/test_file_security.py::TestSecurityConfig::test_default_config PASSED [ 48%]
src/tests/unit/test_file_security.py::TestSecurityConfig::test_custom_config PASSED [ 48%]
src/tests/unit/test_file_security.py::TestFileSecurityScanner::test_scan_valid_zip PASSED [ 49%]
src/tests/unit/test_file_security.py::TestFileSecurityScanner::test_scan_valid_jar PASSED [ 49%]
src/tests/unit/test_file_security.py::TestFileSecurityScanner::test_detect_path_traversal_dotdot PASSED [ 49%]
src/tests/unit/test_file_security.py::TestFileSecurityScanner::test_detect_path_traversal_absolute PASSED [ 49%]
src/tests/unit/test_file_security.py::TestFileSecurityScanner::test_detect_zip_bomb_high_ratio PASSED [ 49%]
src/tests/unit/test_file_security.py::TestFileSecurityScanner::test_detect_excessive_files PASSED [ 50%]
src/tests/unit/test_file_security.py::TestFileSecurityScanner::test_detect_large_file PASSED [ 50%]
src/tests/unit/test_file_security.py::TestFileSecurityScanner::test_detect_nested_archive PASSED [ 50%]
src/tests/unit/test_file_security.py::TestFileSecurityScanner::test_detect_suspicious_content PASSED [ 50%]
src/tests/unit/test_file_security.py::TestFileSecurityScanner::test_scan_invalid_zip PASSED [ 50%]
src/tests/unit/test_file_security.py::TestFileSecurityScanner::test_scan_nonexistent_file PASSED [ 50%]
src/tests/unit/test_file_security.py::TestFileSecurityScanner::test_scan_disallowed_extension PASSED [ 51%]
src/tests/unit/test_file_security.py::TestFileSecurityScanner::test_validate_extraction_path_safe PASSED [ 51%]
src/tests/unit/test_file_security.py::TestFileSecurityScanner::test_validate_extraction_path_traversal PASSED [ 51%]
src/tests/unit/test_file_security.py::TestFileSecurityScanner::test_validate_extraction_path_absolute PASSED [ 51%]
src/tests/unit/test_file_security.py::TestFileSecurityScanner::test_scan_upload_valid PASSED [ 51%]
src/tests/unit/test_file_security.py::TestFileSecurityScanner::test_scan_upload_invalid PASSED [ 52%]
src/tests/unit/test_file_security.py::TestSecurityScanResult::test_empty_result_is_safe PASSED [ 52%]
src/tests/unit/test_file_security.py::TestSecurityScanResult::test_add_threat_updates_safety PASSED [ 52%]
src/tests/unit/test_file_security.py::TestSecurityScanResult::test_has_critical_threats PASSED [ 52%]
src/tests/unit/test_file_security.py::TestConvenienceFunctions::test_scan_archive_function PASSED [ 52%]
src/tests/unit/test_job_manager.py::TestJobManager::test_create_job PASSED [ 52%]
src/tests/unit/test_job_manager.py::TestJobManager::test_get_job_success PASSED [ 53%]
src/tests/unit/test_job_manager.py::TestJobManager::test_get_job_not_found PASSED [ 53%]
src/tests/unit/test_job_manager.py::TestJobManager::test_update_progress PASSED [ 53%]
src/tests/unit/test_job_manager.py::TestJobManager::test_complete_job PASSED [ 53%]
src/tests/unit/test_job_manager.py::TestJobManager::test_fail_job PASSED [ 53%]
src/tests/unit/test_job_manager.py::TestJobManager::test_cancel_job PASSED [ 54%]
src/tests/unit/test_job_manager.py::TestJobManager::test_list_jobs PASSED [ 54%]
src/tests/unit/test_main_unit.py::TestHealthEndpoint::test_health_check_returns_200 PASSED [ 54%]
src/tests/unit/test_main_unit.py::TestHealthEndpoint::test_health_check_response_format PASSED [ 54%]
src/tests/unit/test_main_unit.py::TestFileUploadEndpoint::test_upload_valid_jar_file PASSED [ 54%]
src/tests/unit/test_main_unit.py::TestFileUploadEndpoint::test_upload_valid_zip_file PASSED [ 55%]
src/tests/unit/test_main_unit.py::TestFileUploadEndpoint::test_upload_valid_mcaddon_file PASSED [ 55%]
src/tests/unit/test_main_unit.py::TestFileUploadEndpoint::test_upload_invalid_file_type PASSED [ 55%]
src/tests/unit/test_main_unit.py::TestFileUploadEndpoint::test_upload_no_file PASSED [ 55%]
src/tests/unit/test_main_unit.py::TestConversionEndpoints::test_start_conversion PASSED [ 55%]
src/tests/unit/test_main_unit.py::TestConversionEndpoints::test_get_conversion_status PASSED [ 55%]
src/tests/unit/test_main_unit.py::TestConversionEndpoints::test_list_conversions PASSED [ 56%]
src/tests/unit/test_main_unit.py::TestConversionEndpoints::test_cancel_conversion PASSED [ 56%]
src/tests/unit/test_main_unit.py::TestConversionEndpoints::test_download_converted_mod_not_found PASSED [ 56%]
src/tests/unit/test_main_unit.py::TestConversionRequestValidation::test_conversion_request_valid PASSED [ 56%]
src/tests/unit/test_main_unit.py::TestConversionRequestValidation::test_conversion_request_missing_file_id PASSED [ 56%]
src/tests/unit/test_main_unit.py::TestConversionRequestValidation::test_conversion_request_default_target_version PASSED [ 57%]
src/tests/unit/test_modpack_parser.py::test_parse_manifest_data_valid PASSED [ 57%]
src/tests/unit/test_modpack_parser.py::test_parse_manifest_data_invalid_type PASSED [ 57%]
src/tests/unit/test_modpack_parser.py::test_parse_from_manifest PASSED   [ 57%]
src/tests/unit/test_modpack_parser.py::test_parse_from_url_modpack PASSED [ 57%]
src/tests/unit/test_modpack_parser.py::test_parse_from_url_mod PASSED    [ 58%]
src/tests/unit/test_modpack_parser.py::test_curseforge_manifest_properties PASSED [ 58%]
src/tests/unit/test_modrinth_service.py::TestModrinthService::test_init_default PASSED [ 58%]
src/tests/unit/test_modrinth_service.py::TestModrinthService::test_init_with_token PASSED [ 58%]
src/tests/unit/test_modrinth_service.py::TestModrinthService::test_headers_without_token PASSED [ 58%]
src/tests/unit/test_modrinth_service.py::TestModrinthService::test_headers_with_token PASSED [ 58%]
src/tests/unit/test_modrinth_service.py::TestModrinthService::test_search_mods_success PASSED [ 59%]
src/tests/unit/test_modrinth_service.py::TestModrinthService::test_search_mods_with_filters PASSED [ 59%]
src/tests/unit/test_modrinth_service.py::TestModrinthService::test_get_project_success PASSED [ 59%]
src/tests/unit/test_modrinth_service.py::TestModrinthService::test_get_project_versions_success PASSED [ 59%]
src/tests/unit/test_modrinth_service.py::TestModrinthService::test_get_version_success PASSED [ 59%]
src/tests/unit/test_modrinth_service.py::TestModrinthService::test_get_file_download_url_success PASSED [ 60%]
src/tests/unit/test_modrinth_service.py::TestModrinthService::test_get_file_download_url_with_hash PASSED [ 60%]
src/tests/unit/test_modrinth_service.py::TestModrinthService::test_get_categories_success PASSED [ 60%]
src/tests/unit/test_modrinth_service.py::TestModrinthService::test_get_loaders_success PASSED [ 60%]
src/tests/unit/test_modrinth_service.py::TestModrinthService::test_api_error_handling PASSED [ 60%]
src/tests/unit/test_modrinth_service.py::TestModrinthURLParsing::test_parse_mod_url PASSED [ 61%]
src/tests/unit/test_modrinth_service.py::TestModrinthURLParsing::test_parse_resourcepack_url PASSED [ 61%]
src/tests/unit/test_modrinth_service.py::TestModrinthURLParsing::test_parse_plugin_url PASSED [ 61%]
src/tests/unit/test_modrinth_service.py::TestModrinthURLParsing::test_parse_pack_url PASSED [ 61%]
src/tests/unit/test_modrinth_service.py::TestModrinthURLParsing::test_parse_url_with_query_params PASSED [ 61%]
src/tests/unit/test_modrinth_service.py::TestModrinthURLParsing::test_parse_invalid_url PASSED [ 61%]
src/tests/unit/test_modrinth_service.py::TestModrinthURLParsing::test_parse_curseforge_url PASSED [ 62%]
src/tests/unit/test_modrinth_service.py::TestModrinthURLParsing::test_parse_url_with_trailing_slash PASSED [ 62%]
src/tests/unit/test_modrinth_service.py::TestModrinthServiceSingleton::test_singleton_exists PASSED [ 62%]
src/tests/unit/test_modrinth_service.py::TestModrinthServiceSingleton::test_singleton_is_consistent PASSED [ 62%]
src/tests/unit/test_modrinth_service.py::TestModrinthServiceEdgeCases::test_search_empty_query PASSED [ 62%]
src/tests/unit/test_modrinth_service.py::TestModrinthServiceEdgeCases::test_get_project_nonexistent PASSED [ 63%]
src/tests/unit/test_modrinth_service.py::TestModrinthServiceEdgeCases::test_get_file_download_url_no_files PASSED [ 63%]
src/tests/unit/test_modrinth_service.py::TestModrinthServiceEdgeCases::test_get_file_download_url_hash_mismatch PASSED [ 63%]
src/tests/unit/test_modrinth_service.py::TestModrinthServiceEdgeCases::test_parse_url_empty_string PASSED [ 63%]
src/tests/unit/test_modrinth_service.py::TestModrinthServiceEdgeCases::test_parse_url_none PASSED [ 63%]
src/tests/unit/test_modrinth_service.py::TestModrinthServiceIntegration::test_full_search_workflow PASSED [ 64%]
src/tests/unit/test_performance_api.py::TestPerformanceAPI::test_run_benchmark_success PASSED [ 64%]
src/tests/unit/test_performance_api.py::TestPerformanceAPI::test_run_benchmark_invalid_scenario PASSED [ 64%]
src/tests/unit/test_performance_api.py::TestPerformanceAPI::test_get_benchmark_status_success PASSED [ 64%]
src/tests/unit/test_performance_api.py::TestPerformanceAPI::test_get_benchmark_status_not_found PASSED [ 64%]
src/tests/unit/test_performance_api.py::TestPerformanceAPI::test_get_benchmark_report_success PASSED [ 64%]
src/tests/unit/test_performance_api.py::TestPerformanceAPI::test_get_benchmark_report_not_completed PASSED [ 65%]
src/tests/unit/test_performance_api.py::TestPerformanceAPI::test_list_scenarios_success PASSED [ 65%]
src/tests/unit/test_performance_api.py::TestPerformanceAPI::test_create_custom_scenario_success PASSED [ 65%]
src/tests/unit/test_performance_api.py::TestPerformanceAPI::test_get_benchmark_history_success PASSED [ 65%]
src/tests/unit/test_performance_api.py::TestPerformanceAPI::test_get_benchmark_history_with_pagination PASSED [ 65%]
src/tests/unit/test_performance_api.py::TestPerformanceAPI::test_get_benchmark_history_empty PASSED [ 66%]
src/tests/unit/test_performance_api.py::TestPerformanceAPI::test_run_benchmark_background_task PASSED [ 66%]
src/tests/unit/test_performance_api.py::TestPerformanceAPI::test_run_benchmark_missing_fields PASSED [ 66%]
src/tests/unit/test_performance_api.py::TestPerformanceAPI::test_create_custom_scenario_validation PASSED [ 66%]
src/tests/unit/test_progress_callback.py::TestProgressCallback::test_init PASSED [ 66%]
src/tests/unit/test_progress_callback.py::TestProgressCallback::test_subscribe_new_job PASSED [ 67%]
src/tests/unit/test_progress_callback.py::TestProgressCallback::test_subscribe_existing_job PASSED [ 67%]
src/tests/unit/test_progress_callback.py::TestProgressCallback::test_unsubscribe_callback PASSED [ 67%]
src/tests/unit/test_progress_callback.py::TestProgressCallback::test_unsubscribe_last_callback_removes_job PASSED [ 67%]
src/tests/unit/test_progress_callback.py::TestProgressCallback::test_unsubscribe_nonexistent_job PASSED [ 67%]
src/tests/unit/test_progress_callback.py::TestProgressCallback::test_update_progress_stores_history PASSED [ 67%]
src/tests/unit/test_progress_callback.py::TestProgressCallback::test_update_progress_notifies_subscribers PASSED [ 68%]
src/tests/unit/test_progress_callback.py::TestProgressCallback::test_update_progress_without_subscribers PASSED [ 68%]
src/tests/unit/test_progress_callback.py::TestProgressCallback::test_update_progress_handles_callback_exception PASSED [ 68%]
src/tests/unit/test_progress_callback.py::TestProgressCallback::test_get_progress_history_nonexistent_job PASSED [ 68%]
src/tests/unit/test_progress_callback.py::TestProgressCallback::test_cleanup_job PASSED [ 68%]
src/tests/unit/test_progress_callback.py::TestProgressCallback::test_cleanup_nonexistent_job PASSED [ 69%]
src/tests/unit/test_progress_callback.py::TestConversionStages::test_stage_constants PASSED [ 69%]
src/tests/unit/test_progress_callback.py::TestConversionStages::test_stage_progress_mapping PASSED [ 69%]
src/tests/unit/test_progress_callback.py::TestGetProgressCallback::test_returns_singleton PASSED [ 69%]
src/tests/unit/test_progress_callback.py::TestGetProgressCallback::test_singleton_is_progress_callback_instance PASSED [ 69%]
src/tests/unit/test_rate_limiter_concurrency.py::test_rate_limiter_override_config_no_side_effects PASSED [ 70%]
src/tests/unit/test_rate_limiter_concurrency.py::test_concurrent_requests_isolation PASSED [ 70%]
src/tests/unit/test_report_generator.py::TestConversionReportGenerator::test_create_full_conversion_report_prd_style PASSED [ 70%]
src/tests/unit/test_report_generator.py::TestConversionReportGenerator::test_create_interactive_report_failure PASSED [ 70%]
src/tests/unit/test_report_generator.py::TestConversionReportGenerator::test_create_interactive_report_success PASSED [ 70%]
src/tests/unit/test_report_generator.py::TestConversionReportGenerator::test_generate_assumptions_report PASSED [ 70%]
src/tests/unit/test_report_generator.py::TestConversionReportGenerator::test_generate_developer_log PASSED [ 71%]
src/tests/unit/test_report_generator.py::TestConversionReportGenerator::test_generate_feature_analysis PASSED [ 71%]
src/tests/unit/test_report_generator.py::TestConversionReportGenerator::test_generate_summary_report_failure PASSED [ 71%]
src/tests/unit/test_report_generator.py::TestConversionReportGenerator::test_generate_summary_report_success PASSED [ 71%]
src/tests/unit/test_retry.py::TestErrorClasses::test_retryable_error PASSED [ 71%]
src/tests/unit/test_retry.py::TestErrorClasses::test_non_retryable_error PASSED [ 72%]
src/tests/unit/test_retry.py::TestErrorClasses::test_parse_error_inherits_from_retryable PASSED [ 72%]
src/tests/unit/test_retry.py::TestErrorClasses::test_asset_error_inherits_from_retryable PASSED [ 72%]
src/tests/unit/test_retry.py::TestErrorClasses::test_logic_error_inherits_from_non_retryable PASSED [ 72%]
src/tests/unit/test_retry.py::TestErrorClasses::test_validation_error_inherits_from_non_retryable PASSED [ 72%]
src/tests/unit/test_retry.py::TestErrorClasses::test_network_error_inherits_from_retryable PASSED [ 73%]
src/tests/unit/test_retry.py::TestErrorClasses::test_rate_limit_error_inherits_from_retryable PASSED [ 73%]
src/tests/unit/test_retry.py::TestErrorClasses::test_timeout_error_inherits_from_retryable PASSED [ 73%]
src/tests/unit/test_retry.py::TestErrorClasses::test_package_error_inherits_from_retryable PASSED [ 73%]
src/tests/unit/test_retry.py::TestCategorizeError::test_categorize_parse_error PASSED [ 73%]
src/tests/unit/test_retry.py::TestCategorizeError::test_categorize_asset_error PASSED [ 73%]
src/tests/unit/test_retry.py::TestCategorizeError::test_categorize_logic_error PASSED [ 74%]
src/tests/unit/test_retry.py::TestCategorizeError::test_categorize_validation_error PASSED [ 74%]
src/tests/unit/test_retry.py::TestCategorizeError::test_categorize_network_error PASSED [ 74%]
src/tests/unit/test_retry.py::TestCategorizeError::test_categorize_rate_limit_error PASSED [ 74%]
src/tests/unit/test_retry.py::TestCategorizeError::test_categorize_timeout_error PASSED [ 74%]
src/tests/unit/test_retry.py::TestCategorizeError::test_categorize_unknown_error PASSED [ 75%]
src/tests/unit/test_retry.py::TestCategorizeError::test_categorize_by_message_parse PASSED [ 75%]
src/tests/unit/test_retry.py::TestCategorizeError::test_categorize_by_message_connection PASSED [ 75%]
src/tests/unit/test_retry.py::TestRetryConfig::test_default_values PASSED [ 75%]
src/tests/unit/test_retry.py::TestRetryConfig::test_custom_values PASSED [ 75%]
src/tests/unit/test_retry.py::TestRetryConfig::test_default_exceptions PASSED [ 76%]
src/tests/unit/test_retry.py::TestRetryConfig::test_custom_exceptions PASSED [ 76%]
src/tests/unit/test_retry.py::TestCalculateDelay::test_exponential_backoff PASSED [ 76%]
src/tests/unit/test_retry.py::TestCalculateDelay::test_max_delay_cap PASSED [ 76%]
src/tests/unit/test_retry.py::TestCalculateDelay::test_jitter_variation PASSED [ 76%]
src/tests/unit/test_retry.py::TestIsRetryable::test_retryable_error_returns_true PASSED [ 76%]
src/tests/unit/test_retry.py::TestIsRetryable::test_non_retryable_error_returns_false PASSED [ 77%]
src/tests/unit/test_retry.py::TestIsRetryable::test_value_error_not_retryable PASSED [ 77%]
src/tests/unit/test_retry.py::TestIsRetryable::test_connection_error_retryable PASSED [ 77%]
src/tests/unit/test_retry.py::TestIsRetryable::test_custom_retryable_exceptions PASSED [ 77%]
src/tests/unit/test_retry.py::TestIsRetryable::test_custom_non_retryable_exceptions PASSED [ 77%]
src/tests/unit/test_retry.py::TestRetryAsync::test_successful_call_no_retry PASSED [ 78%]
src/tests/unit/test_retry.py::TestRetryAsync::test_retry_on_failure PASSED [ 78%]
src/tests/unit/test_retry.py::TestRetryAsync::test_max_retries_exceeded PASSED [ 78%]
src/tests/unit/test_retry.py::TestRetryAsync::test_non_retryable_error_no_retry PASSED [ 78%]
src/tests/unit/test_retry.py::TestRetrySync::test_successful_call_no_retry PASSED [ 78%]
src/tests/unit/test_retry.py::TestRetrySync::test_retry_on_failure PASSED [ 79%]
src/tests/unit/test_retry.py::TestRetrySync::test_max_retries_exceeded PASSED [ 79%]
src/tests/unit/test_syntax_validator.py::test_js_validator_basic_unmatched_braces PASSED [ 79%]
src/tests/unit/test_syntax_validator.py::test_js_validator_basic_valid PASSED [ 79%]
src/tests/unit/test_syntax_validator.py::test_json_validator_manifest_valid PASSED [ 79%]
src/tests/unit/test_syntax_validator.py::test_json_validator_manifest_invalid_missing_fields PASSED [ 79%]
src/tests/unit/test_syntax_validator.py::test_json_validator_block_invalid_identifier PASSED [ 80%]
src/tests/unit/test_syntax_validator.py::test_syntax_autofix_braces PASSED [ 80%]
src/tests/unit/test_syntax_validator.py::test_syntax_autofix_semicolons PASSED [ 80%]
src/tests/unit/test_syntax_validator.py::test_auto_fix_javascript_full PASSED [ 80%]
src/tests/unit/test_task_queue_enhanced.py::TestRetryPolicy::test_default_policy PASSED [ 80%]
src/tests/unit/test_task_queue_enhanced.py::TestRetryPolicy::test_calculate_delay_exponential_backoff PASSED [ 81%]
src/tests/unit/test_task_queue_enhanced.py::TestRetryPolicy::test_calculate_delay_respects_max PASSED [ 81%]
src/tests/unit/test_task_queue_enhanced.py::TestRetryPolicy::test_should_retry_within_limit PASSED [ 81%]
src/tests/unit/test_task_queue_enhanced.py::TestRetryPolicy::test_should_retry_exceeds_limit PASSED [ 81%]
src/tests/unit/test_task_queue_enhanced.py::TestRetryPolicy::test_should_retry_with_retryable_errors PASSED [ 81%]
src/tests/unit/test_task_queue_enhanced.py::TestRetryPolicy::test_predefined_policies PASSED [ 82%]
src/tests/unit/test_task_queue_enhanced.py::TestTask::test_task_creation PASSED [ 82%]
src/tests/unit/test_task_queue_enhanced.py::TestTask::test_task_to_dict PASSED [ 82%]
src/tests/unit/test_task_queue_enhanced.py::TestTask::test_task_from_dict PASSED [ 82%]
src/tests/unit/test_task_queue_enhanced.py::TestTaskStatus::test_all_statuses PASSED [ 82%]
src/tests/unit/test_task_queue_enhanced.py::TestTaskPriority::test_priority_order PASSED [ 82%]
src/tests/unit/test_task_queue_enhanced.py::TestQueueHealth::test_healthy_queue PASSED [ 83%]
src/tests/unit/test_task_queue_enhanced.py::TestQueueHealth::test_unhealthy_queue_with_issues PASSED [ 83%]
src/tests/unit/test_task_queue_enhanced.py::TestQueueHealth::test_to_dict PASSED [ 83%]
src/tests/unit/test_task_queue_enhanced.py::TestAsyncTaskQueue::test_queue_initialization PASSED [ 83%]
src/tests/unit/test_task_queue_enhanced.py::TestAsyncTaskQueue::test_queue_names_by_priority PASSED [ 83%]
src/tests/unit/test_task_queue_enhanced.py::TestTaskLifecycle::test_lifecycle_states PASSED [ 84%]
src/tests/unit/test_task_queue_enhanced.py::TestTaskLifecycle::test_task_state_transitions PASSED [ 84%]
src/tests/unit/test_task_queue_enhanced.py::TestRetryLogic::test_retry_delay_progression PASSED [ 84%]
src/tests/unit/test_task_queue_enhanced.py::TestRetryLogic::test_max_delay_cap PASSED [ 84%]
src/tests/unit/test_task_queue_enhanced.py::TestAsyncTaskQueueIntegration::test_enqueue_dequeue PASSED [ 84%]
src/tests/unit/test_task_queue_enhanced.py::TestAsyncTaskQueueIntegration::test_retry_mechanism PASSED [ 85%]
src/tests/unit/test_task_queue_enhanced.py::TestAsyncTaskQueueIntegration::test_dead_letter_queue PASSED [ 85%]
src/tests/unit/test_tracing.py::test_get_service_name_default PASSED     [ 85%]
src/tests/unit/test_tracing.py::test_get_service_name_env PASSED         [ 85%]
src/tests/unit/test_tracing.py::test_get_service_version_default PASSED  [ 85%]
src/tests/unit/test_tracing.py::test_create_resource PASSED              [ 85%]
src/tests/unit/test_tracing.py::test_init_tracing PASSED                 [ 86%]
src/tests/unit/test_tracing.py::test_create_span PASSED                  [ 86%]
src/tests/unit/test_tracing.py::test_add_span_attributes PASSED          [ 86%]
src/tests/unit/test_tracing.py::test_record_span_exception PASSED        [ 86%]
src/tests/unit/test_tracing.py::test_inject_extract_context PASSED       [ 86%]
src/tests/unit/test_validation.py::TestValidationFramework::test_validate_upload_alternative_jar_mime_type PASSED [ 87%]
src/tests/unit/test_validation.py::TestValidationFramework::test_validate_upload_empty_file PASSED [ 87%]
src/tests/unit/test_validation.py::TestValidationFramework::test_validate_upload_invalid_file_type_text PASSED [ 87%]
src/tests/unit/test_validation.py::TestValidationFramework::test_validate_upload_java_archive_jar PASSED [ 87%]
src/tests/unit/test_validation.py::TestValidationFramework::test_validate_upload_misleading_extension_is_actually_zip PASSED [ 87%]
src/tests/unit/test_validation.py::TestValidationFramework::test_validate_upload_oversized_file PASSED [ 88%]
src/tests/unit/test_validation.py::TestValidationFramework::test_validate_upload_valid_file PASSED [ 88%]
src/tests/unit/test_validation_api.py::TestValidationAPI::test_start_validation_job_success PASSED [ 88%]
src/tests/unit/test_validation_api.py::TestValidationAPI::test_start_validation_job_missing_conversion_id PASSED [ 88%]
src/tests/unit/test_validation_api.py::TestValidationAPI::test_start_validation_job_empty_conversion_id PASSED [ 88%]
src/tests/unit/test_validation_api.py::TestValidationAPI::test_start_validation_job_minimal_request PASSED [ 88%]
src/tests/unit/test_validation_api.py::TestValidationAPI::test_get_validation_job_status_success PASSED [ 89%]
src/tests/unit/test_validation_api.py::TestValidationAPI::test_get_validation_job_status_not_found PASSED [ 89%]
src/tests/unit/test_validation_api.py::TestValidationAPI::test_get_validation_job_status_thread_safety PASSED [ 89%]
src/tests/unit/test_validation_api.py::TestValidationAPI::test_get_validation_report_success PASSED [ 89%]
src/tests/unit/test_validation_api.py::TestValidationAPI::test_get_validation_report_not_found PASSED [ 89%]
src/tests/unit/test_validation_api.py::TestValidationAPI::test_get_validation_report_job_not_completed PASSED [ 90%]
src/tests/unit/test_validation_api.py::TestValidationAPI::test_validation_job_status_transitions PASSED [ 90%]
src/tests/unit/test_validation_api.py::TestMockValidationAgent::test_validate_conversion_with_full_data PASSED [ 90%]
src/tests/unit/test_validation_api.py::TestMockValidationAgent::test_validate_conversion_minimal_data PASSED [ 90%]
src/tests/unit/test_validation_api.py::TestMockValidationAgent::test_validate_conversion_no_conversion_id PASSED [ 90%]
src/tests/unit/test_validation_api.py::TestValidationModels::test_validation_request_model PASSED [ 91%]
src/tests/unit/test_validation_api.py::TestValidationModels::test_validation_job_model PASSED [ 91%]
src/tests/unit/test_validation_api.py::TestValidationModels::test_validation_job_model_with_message PASSED [ 91%]
src/tests/unit/test_validation_api.py::TestValidationConstants::test_validation_job_status_enum PASSED [ 91%]
src/tests/unit/test_validation_api.py::TestValidationConstants::test_validation_messages_constants PASSED [ 91%]
src/tests/unit/test_validation_api.py::TestValidationAPIErrorHandling::test_invalid_json_request PASSED [ 91%]
src/tests/unit/test_validation_api.py::TestValidationAPIErrorHandling::test_validation_request_with_invalid_types PASSED [ 92%]
src/tests/unit/test_validation_api.py::TestValidationAPIErrorHandling::test_get_status_with_invalid_job_id_format PASSED [ 92%]
src/tests/unit/test_websocket_enhanced.py::TestMessageType::test_client_to_server_types PASSED [ 92%]
src/tests/unit/test_websocket_enhanced.py::TestMessageType::test_server_to_client_types PASSED [ 92%]
src/tests/unit/test_websocket_enhanced.py::TestConnectionState::test_all_states PASSED [ 92%]
src/tests/unit/test_websocket_enhanced.py::TestConnectionInfo::test_creation PASSED [ 93%]
src/tests/unit/test_websocket_enhanced.py::TestConnectionInfo::test_to_dict PASSED [ 93%]
src/tests/unit/test_websocket_enhanced.py::TestRateLimitConfig::test_default_config PASSED [ 93%]
src/tests/unit/test_websocket_enhanced.py::TestRateLimitConfig::test_custom_config PASSED [ 93%]
src/tests/unit/test_websocket_enhanced.py::TestHealthConfig::test_default_config PASSED [ 93%]
src/tests/unit/test_websocket_enhanced.py::TestHealthConfig::test_custom_config PASSED [ 94%]
src/tests/unit/test_websocket_enhanced.py::TestRateLimiter::test_allows_within_limit PASSED [ 94%]
src/tests/unit/test_websocket_enhanced.py::TestRateLimiter::test_blocks_over_limit PASSED [ 94%]
src/tests/unit/test_websocket_enhanced.py::TestRateLimiter::test_different_clients_independent PASSED [ 94%]
src/tests/unit/test_websocket_enhanced.py::TestRateLimiter::test_get_wait_time PASSED [ 94%]
src/tests/unit/test_websocket_enhanced.py::TestRateLimiter::test_wait_time_zero_for_unblocked PASSED [ 94%]
src/tests/unit/test_websocket_enhanced.py::TestEnhancedConnectionManager::test_initialization PASSED [ 95%]
src/tests/unit/test_websocket_enhanced.py::TestEnhancedConnectionManager::test_get_metrics PASSED [ 95%]
src/tests/unit/test_websocket_enhanced.py::TestEnhancedConnectionManager::test_connect PASSED [ 95%]
src/tests/unit/test_websocket_enhanced.py::TestEnhancedConnectionManager::test_disconnect PASSED [ 95%]
src/tests/unit/test_websocket_enhanced.py::TestEnhancedConnectionManager::test_multiple_connections_same_conversion PASSED [ 95%]
src/tests/unit/test_websocket_enhanced.py::TestEnhancedConnectionManager::test_broadcast PASSED [ 96%]
src/tests/unit/test_websocket_enhanced.py::TestEnhancedConnectionManager::test_broadcast_no_connections PASSED [ 96%]
src/tests/unit/test_websocket_enhanced.py::TestEnhancedConnectionManager::test_handle_ping_message PASSED [ 96%]
src/tests/unit/test_websocket_enhanced.py::TestEnhancedConnectionManager::test_check_connection_health PASSED [ 96%]
src/tests/unit/test_websocket_enhanced.py::TestEnhancedConnectionManager::test_check_connection_health_no_connections PASSED [ 96%]
src/tests/unit/test_websocket_enhanced.py::TestConnectionLifecycle::test_full_lifecycle PASSED [ 97%]
src/tests/unit/test_websocket_enhanced.py::TestMessageProtocol::test_message_format PASSED [ 97%]
src/tests/unit/test_websocket_enhanced.py::TestMessageProtocol::test_progress_message_structure PASSED [ 97%]
src/tests/unit/test_websocket_enhanced.py::TestMemoryLeakPrevention::test_cleanup_on_disconnect PASSED [ 97%]
src/tests/unit/test_websocket_enhanced.py::TestMemoryLeakPrevention::test_empty_conversion_cleanup PASSED [ 97%]
src/tests/unit/test_websocket_enhanced.py::TestWebSocketIntegration::test_websocket_endpoint PASSED [ 97%]
src/tests/unit/test_websocket_enhanced.py::TestWebSocketIntegration::test_concurrent_connections PASSED [ 98%]
src/tests/unit/test_websocket_enhanced.py::TestWebSocketIntegration::test_heartbeat_mechanism PASSED [ 98%]
src/tests/unit/test_websocket_enhanced_extra.py::test_manager_start_stop PASSED [ 98%]
src/tests/unit/test_websocket_enhanced_extra.py::test_broadcast_to_all PASSED [ 98%]
src/tests/unit/test_websocket_enhanced_extra.py::test_send_personal_message PASSED [ 98%]
src/tests/unit/test_websocket_enhanced_extra.py::test_get_connection_info PASSED [ 99%]
src/tests/unit/test_websocket_enhanced_extra.py::test_handle_message_errors PASSED [ 99%]
src/tests/unit/test_websocket_enhanced_extra.py::test_broadcast_exception_handling PASSED [ 99%]
src/tests/unit/test_websocket_enhanced_extra.py::test_global_instance_helpers PASSED [ 99%]
src/tests/unit/test_websocket_enhanced_extra.py::test_heartbeat_loop_cleanup PASSED [ 99%]
src/tests/unit/test_websocket_enhanced_extra.py::test_cleanup_loop PASSED [100%]

================================ tests coverage ================================
_______________ coverage: platform linux, python 3.12.3-final-0 ________________

Name                                                    Stmts   Miss  Cover   Missing
-------------------------------------------------------------------------------------
src/__init__.py                                             0      0   100%
src/api/__init__.py                                         0      0   100%
src/api/advanced_events.py                                159     14    91%   389-391, 454-456, 478-480, 498-499, 527-529
src/api/analytics.py                                      142     87    39%   105-152, 174-228, 245-291, 308-331, 351-392, 403
src/api/assets.py                                         152     63    59%   112-114, 131-192, 236, 256, 273, 278, 285-286, 289-293, 315, 319, 331-337, 367-369
src/api/auth.py                                           188    188     0%   14-549
src/api/batch_conversion.py                               104    104     0%   7-336
src/api/behavior_export.py                                143     78    45%   53-54, 59, 65, 69, 113-125, 130, 155, 164, 187-230, 246-273, 287, 317-362
src/api/behavior_files.py                                 122     80    34%   73-134, 146-155, 181-196, 223-253, 273-284, 302-315
src/api/behavior_templates.py                             134     72    46%   126, 151-167, 198-207, 240-268, 297-328, 352-363, 382-410, 432-510
src/api/behavioral_testing.py                             110     47    57%   22, 25, 110-150, 164-180, 194-220, 237-259, 273-282, 298-311
src/api/build_performance.py                               76     76     0%   10-254
src/api/comparison.py                                     114     45    61%   19, 50, 107-176, 206-239
src/api/conversions.py                                    392    279    29%   72-74, 93-95, 184-208, 224-234, 247-255, 269-276, 299-313, 333-348, 383-412, 466-612, 655-702, 741, 752-758, 798-822, 844-881, 925-959, 998-1054, 1083-1103, 1127-1232, 1249-1265
src/api/email_verification.py                              77     77     0%   7-228
src/api/embeddings.py                                     353    288    18%   62-81, 93-108, 143-198, 218-230, 263-358, 377-410, 430-457, 547-734, 746, 762-776, 782-796, 802-816, 844-1038
src/api/experiments.py                                    310    209    33%   119-151, 164-191, 197-224, 232-286, 292-311, 321-357, 366-398, 409-445, 459-504, 512-541, 549-600, 612-650
src/api/feedback.py                                       356    257    28%   92-159, 185-242, 248-292, 298-327, 333-391, 400-454, 527-570, 594-647, 653-667, 688-716, 733-761
src/api/feedback_collection.py                             84     84     0%   7-274
src/api/health.py                                          65     37    43%   52-73, 85-112, 132-155, 185, 205
src/api/jobs.py                                            79      6    92%   118, 123, 237, 277, 289, 297
src/api/knowledge_base.py                                 291    291     0%   7-914
src/api/mod_imports.py                                    223    144    35%   118-154, 164-167, 185, 203, 218-221, 244-245, 265-304, 315-334, 346-375, 385-478, 488-506, 514-521
src/api/performance.py                                    116     27    77%   40-51, 95, 204-205, 254-266, 281, 296
src/api/qa.py                                             110     45    59%   101-104, 109-126, 152-153, 253-310
src/api/query_monitoring.py                                67     67     0%   15-154
src/api/rag.py                                             59     21    64%   76-139, 147
src/api/rate_limit_dashboard.py                           173    111    36%   71-119, 131-208, 222-250, 265-291, 302-333, 341-343, 361-368, 393-402
src/api/task_queue.py                                      62     62     0%   8-205
src/api/upload.py                                         117    117     0%   10-349
src/api/validation.py                                     266     51    81%   81-87, 90-94, 97-101, 104-108, 112, 142-145, 148-150, 153-156, 190, 198-200, 239, 246, 260, 262, 266, 268, 286, 310, 319, 324, 330, 386, 409-412, 473
src/api/validation_constants.py                            16      0   100%
src/api/visual_editor.py                                   93     93     0%   7-378
src/config.py                                              23      8    65%   23-27, 32-36
src/core/__init__.py                                        2      0   100%
src/core/auth.py                                           89     89     0%   11-266
src/core/redis.py                                         220    176    20%   30-37, 53-56, 60-89, 93-98, 103, 107-114, 120-129, 133-139, 143-149, 153-159, 173-175, 179, 183, 187-204, 208-226, 230-238, 242-248, 261-263, 267, 271, 278-307, 311-323, 335-338, 344-347, 353-356, 363-375
src/core/secrets.py                                       186    144    23%   31, 34, 116-118, 131-133, 137-151, 155-168, 172-195, 199-216, 230-257, 261-267, 271-278, 282-297, 306-361, 371-373, 406-423, 435
src/core/storage.py                                       160    106    34%   130-135, 142-169, 177-178, 194-198, 203-215, 219-220, 232, 245-249, 253-275, 279-280, 292-303, 307-326, 330-331, 340-351, 355-365, 369-375
src/db/base.py                                             11      1    91%   22
src/db/behavior_templates_crud.py                          77     65    16%   25-42, 50-57, 72-108, 118-158, 167-183, 194-226
src/db/crud.py                                            550    296    46%   39, 45-58, 64-81, 87-108, 112-119, 129-144, 178, 185-187, 217-228, 234-236, 242-244, 254-273, 281-288, 307-346, 358-371, 380-386, 398-413, 422-428, 445-459, 465-467, 477-482, 497-528, 532-539, 553-587, 593-595, 601-607, 620-672, 676-683, 699-715, 721-723, 734-741, 759-760, 777, 799-800, 857-858, 877, 884-895, 1104, 1133, 1223-1235, 1252-1261, 1278-1285, 1311-1329, 1351-1369
src/db/declarative_base.py                                  2      0   100%
src/db/init_db.py                                          31     23    26%   14-47
src/db/models.py                                          306      1    99%   35
src/file_processor.py                                     398    176    56%   77, 84, 86, 100, 107-109, 115, 124-127, 129-134, 140-202, 240-243, 265-268, 282-284, 297-302, 350-352, 427-585, 612-618, 623-633, 637-639, 643, 665, 673, 677, 725-730
src/ingestion/__init__.py                                   2      2     0%   8-10
src/ingestion/pipeline.py                                  91     91     0%   8-267
src/ingestion/processors/__init__.py                        0      0   100%
src/ingestion/processors/html.py                           87     87     0%   7-257
src/ingestion/processors/markdown.py                       47     47     0%   7-172
src/ingestion/sources/__init__.py                          17     17     0%   10-31
src/ingestion/sources/base.py                              26     26     0%   7-81
src/ingestion/sources/bedrock_docs.py                      51     51     0%   7-131
src/ingestion/sources/fabric_docs.py                       48     48     0%   7-127
src/ingestion/sources/forge_docs.py                        48     48     0%   7-127
src/ingestion/validators/__init__.py                        0      0   100%
src/ingestion/validators/quality.py                        48     48     0%   7-138
src/java_analyzer_agent.py                                149    149     0%   6-294
src/main.py                                               617    389    37%   102-103, 183-188, 194-195, 240, 244, 331, 361, 366-368, 385-778, 783-893, 916-922, 996-1019, 1035, 1043-1059, 1092-1131, 1148, 1150, 1192-1218, 1232, 1242-1251, 1261-1277, 1286-1302, 1315-1318, 1337-1340, 1361-1381, 1397-1409, 1431-1447, 1460-1472, 1484-1504, 1517
src/models/__init__.py                                      2      0   100%
src/models/addon_models.py                                 77      0   100%
src/models/build_performance_models.py                    100      5    95%   33-37
src/models/cache_models.py                                  6      0   100%
src/models/embedding_models.py                             82      0   100%
src/models/performance_models.py                           65      0   100%
src/schemas/__init__.py                                     0      0   100%
src/schemas/report_types.py                               187     12    94%   111, 113, 132, 160, 162, 165, 169-171, 198, 200, 202
src/security/__init__.py                                    4      0   100%
src/security/auth.py                                       64     64     0%   10-210
src/security/file_security.py                             247     42    83%   108-109, 124-125, 234, 241, 323-325, 327, 329, 332-334, 430, 458, 485-487, 503-545, 605, 612-613, 625-626, 658-659
src/security/resource_limits.py                           197    146    26%   61, 75-78, 96-100, 112-114, 123-127, 136-168, 177-197, 210-216, 232-261, 277-299, 303-314, 318-329, 333-343, 347-351, 361-362, 374-398, 408-410
src/security/temp_file_manager.py                         227    173    24%   67, 90-111, 115-119, 123-126, 142-171, 193-226, 242-246, 266-270, 282-301, 313-328, 340-355, 367-386, 395-409, 418-432, 441-451, 460-468, 488-507, 511-515, 525-527, 533, 538
src/services/__init__.py                                    2      0   100%
src/services/addon_exporter.py                            183    111    39%   19, 27, 107-130, 152-184, 203-246, 264-267, 277-297, 317, 334-337, 343-355, 365-366, 391-394, 399, 407, 412-431, 436-451, 456-469, 477-563
src/services/ai_engine_client.py                          123     93    24%   29-30, 57-63, 67-69, 78-84, 108-146, 161-182, 206-250, 267-289, 307-309
src/services/analytics_service.py                         124     79    36%   19, 24, 29-36, 70-96, 111-136, 159-188, 196-212, 231-252
src/services/asset_conversion_service.py                  128     51    60%   75-95, 116, 145-146, 150, 205, 218-224, 240-253, 269-273, 280-281, 296-297, 301-313, 317-328
src/services/build_performance_service.py                 272    272     0%   11-742
src/services/cache.py                                     244    116    52%   33-35, 41-44, 55, 72-78, 81-85, 139-141, 152-155, 164-165, 176-179, 184-185, 228-236, 242-252, 258-264, 282-294, 306-316, 325-327, 336-338, 344-358, 367-370, 384-392, 404-414
src/services/comprehensive_report_generator.py            188     20    89%   195, 197, 199, 201, 203, 205, 207, 281, 285, 306, 308, 318, 321-326, 372, 412, 417
src/services/conversion_failure_analysis.py               111     24    78%   79, 229-271, 276-286, 291-310, 318-319, 339-340
src/services/conversion_parser.py                          86     77    10%   14-22, 27-37, 51-197
src/services/conversion_queue.py                           81     81     0%   7-298
src/services/conversion_report.py                          96     96     0%   7-260
src/services/conversion_service.py                        141     20    86%   187-190, 205-207, 242-244, 288, 293-296, 310, 331-332, 443-445
src/services/curseforge_service.py                         83      9    89%   147-149, 178-180, 205-207
src/services/email_service.py                              78     23    71%   43-54, 96-98, 160, 219-256, 289-290
src/services/error_handler.py                              88     61    31%   22-24, 31, 38, 45, 52, 77-120, 133-167, 185-186, 193-194, 198-206, 212, 230-237, 247-249
src/services/error_handlers.py                            185     48    74%   41-42, 88, 106, 137, 276, 278, 283, 287, 289, 291, 293, 297, 299, 301, 322, 326-331, 347-354, 358, 379-380, 385-397, 438-448, 473, 483-491, 508-524
src/services/experiment_service.py                         30     30     0%   5-76
src/services/feature_flags.py                             207    151    27%   52-58, 62, 77-80, 91, 115-122, 127-140, 144-158, 167-173, 200-214, 226-230, 242, 259-279, 292-311, 323-329, 341-347, 360-366, 375, 384, 393, 402, 414-426, 443-445, 456, 470, 488-499, 515-524, 610-625
src/services/feedback_analytics.py                        123    123     0%   7-300
src/services/file_handler.py                              188     74    61%   120-125, 160, 174-181, 212, 217, 222-224, 256-266, 270-277, 283-304, 308-326, 353-364, 381-382
src/services/java_parser.py                               256    256     0%   8-593
src/services/job_manager.py                               180     28    84%   137-139, 143-145, 229, 287, 321, 342, 363, 383, 399, 402, 426-445, 455-457
src/services/logging_middleware.py                         49      6    88%   55, 103-116, 144
src/services/metrics.py                                   157     77    51%   298, 315-363, 367-369, 394-395, 412-420, 425-428, 433-435, 440-443, 448, 453, 458, 463, 486, 497, 510, 552, 564, 567-596, 601-611
src/services/mod_import_service.py                        102    102     0%   7-280
src/services/modpack_parser.py                            167     74    56%   82, 86, 112-120, 129-130, 136-175, 191, 239, 285, 305-312, 331-337, 341-387, 410-416
src/services/modrinth_service.py                          110     15    86%   139, 151-153, 176-178, 222-224, 244-246, 282-283
src/services/progress_callback.py                          54      0   100%
src/services/rate_limiter.py                              176     67    62%   55-56, 74-82, 86-87, 113, 135, 143-182, 192, 226-251, 317-345, 386-391, 397-401, 407-409, 415-416
src/services/report_exporter.py                            86     86     0%   6-329
src/services/report_generator.py                           80     19    76%   251, 253, 255, 257, 387-429
src/services/report_models.py                              74      0   100%
src/services/result_storage.py                             77     77     0%   7-204
src/services/retry.py                                     156     24    85%   115, 129, 131, 133, 135, 139, 141, 202, 278, 337-338, 359, 379-386, 399-406
src/services/security_headers.py                           12      0   100%
src/services/structured_logging.py                        162     99    39%   44-121, 128-130, 134-173, 186, 199-229, 339-353, 373-384, 402-413, 419, 429-431, 434-436, 439-441, 444-446
src/services/syntax_validator.py                          184     71    61%   25-30, 38-41, 136, 153, 157-164, 183-212, 216-222, 236-244, 261-269, 272, 305-314, 331-339, 341-349, 351-359, 361-369, 397, 408, 475-491, 505-521
src/services/task_queue.py                                184    129    30%   59, 87-94, 103-104, 108-110, 114-116, 137-160, 170-214, 218-229, 243-277, 281-300, 304-309, 315-330, 334-367, 378-383, 391-392, 397-398, 403-404, 409-410
src/services/task_queue_enhanced.py                       370    253    32%   254-255, 259-261, 265-267, 294-324, 334-378, 382-405, 426-490, 499-530, 545-555, 567-595, 599-620, 624-629, 635-652, 661-722, 726-727, 731-732, 736-737, 749-776, 787-792, 803-804, 809-810, 815-816, 821-822, 827-828
src/services/task_worker.py                                92     92     0%   8-190
src/services/tracing.py                                   173     64    63%   34, 91, 108-109, 115-116, 128, 136-144, 157-158, 174-175, 178-181, 185-186, 196, 207-208, 214-218, 223-227, 232-236, 248-252, 274, 315-316, 353, 363-368, 378-383, 390-393
src/setup.py                                                2      2     0%   1-3
src/tests/conftest.py                                      88     12    86%   32, 41, 81-84, 98-100, 107-111
src/tests/unit/test_addon_assets_crud.py                  170      0   100%
src/tests/unit/test_addon_exporter_security.py             31      1    97%   64
src/tests/unit/test_advanced_events.py                     94      0   100%
src/tests/unit/test_api_assets.py                          96      0   100%
src/tests/unit/test_api_jobs.py                            87      0   100%
src/tests/unit/test_api_qa.py                              85      0   100%
src/tests/unit/test_asset_conversion_service.py            75      1    99%   108
src/tests/unit/test_behavior_files_crud.py                 89      0   100%
src/tests/unit/test_behavior_files_security.py             48      0   100%
src/tests/unit/test_cache_service.py                      168      4    98%   287, 301, 317, 333
src/tests/unit/test_comprehensive_report_generator.py     208      1    99%   512
src/tests/unit/test_conversion_assets_crud.py             178      0   100%
src/tests/unit/test_conversion_service_coverage.py         75      1    99%   121
src/tests/unit/test_crud_embeddings.py                    183    122    33%   32-56, 61-77, 82-85, 90-121, 129-134, 139-152, 157-172, 177-180, 194-235, 262, 270-274, 281, 294, 306-329, 340-377, 389-409, 418-425, 434-469, 480-502, 508-514
src/tests/unit/test_crud_feedback.py                      101      0   100%
src/tests/unit/test_curseforge_service.py                 186      1    99%   380
src/tests/unit/test_db_models.py                            5      0   100%
src/tests/unit/test_dependency_detector.py                125      0   100%
src/tests/unit/test_email_service.py                       40      0   100%
src/tests/unit/test_error_handling.py                     156      7    96%   280-281, 289-290, 299-300, 342
src/tests/unit/test_file_handler.py                        80      0   100%
src/tests/unit/test_file_processor.py                     408      6    99%   248, 486, 528-529, 556-557
src/tests/unit/test_file_security.py                      169      0   100%
src/tests/unit/test_job_manager.py                        100      1    99%   153
src/tests/unit/test_main_unit.py                          178      0   100%
src/tests/unit/test_modpack_parser.py                      43      0   100%
src/tests/unit/test_modrinth_service.py                   295      1    99%   613
src/tests/unit/test_performance_api.py                    123      0   100%
src/tests/unit/test_progress_callback.py                  114      0   100%
src/tests/unit/test_rate_limiter_concurrency.py            54      5    91%   36-38, 90-91, 100
src/tests/unit/test_report_generator.py                    66      1    98%   123
src/tests/unit/test_retry.py                              204      0   100%
src/tests/unit/test_syntax_validator.py                    48      0   100%
src/tests/unit/test_task_queue_enhanced.py                157      0   100%
src/tests/unit/test_tracing.py                             54      0   100%
src/tests/unit/test_validation.py                          92     16    83%   31-33, 64-66, 84-86, 104-106, 124-126, 141
src/tests/unit/test_validation_api.py                     212      2    99%   222-224
src/tests/unit/test_websocket_enhanced.py                 237      0   100%
src/tests/unit/test_websocket_enhanced_extra.py            99      2    98%   161-162
src/utils/__init__.py                                       0      0   100%
src/utils/debt_cli.py                                     103    103     0%   12-219
src/utils/debt_tracker.py                                 164    164     0%   18-374
src/utils/dependency_detector.py                          280     81    71%   73, 89-93, 97-101, 126, 152, 169, 206-207, 211-212, 244, 273-274, 278-279, 304, 315-316, 329, 350-353, 387, 406, 445-463, 468-549, 553
src/utils/logging_config.py                                45     45     0%   11-145
src/validation.py                                          34      6    82%   9-11, 95-104
src/websocket/__init__.py                                   3      0   100%
src/websocket/enhanced_manager.py                         267     20    93%   137-139, 156-157, 343, 353-354, 365, 409, 464-466, 518-519, 557, 564-565, 595-596
src/websocket/manager.py                                   50     34    32%   38-44, 57-65, 78-82, 92-109, 118-119, 131, 140, 149
src/websocket/progress_handler.py                          62     23    63%   77, 116-124, 136, 162, 183, 201, 219-234, 245-260
-------------------------------------------------------------------------------------
TOTAL                                                   20990   9410    55%
Coverage JSON written to file coverage_unit_fresh.json
Required test coverage of 20% reached. Total coverage: 55.17%
======================= 520 passed, 14 skipped in 35.77s =======================
